exports[`test Intro renders correctly 1`] = `
<div
  className="ui text container">
  <img
    className="iss-img"
    src="test-file-stub" />
  <h2
    className="ui header">
    Where in the world is the Internation Space Station?
  </h2>
  <p>
    Find out where over earth is the ISS
  </p>
</div>
`;
